// Jest Snapshot v1, https://goo.gl/fbAQLP

exports[`renders LoadingSpinner correctly  1`] = `
<div>
  <button
    className="btn btn-primary"
    disabled={true}
    type="button"
  >
    <span
      aria-hidden="true"
      className="spinner-grow spinner-grow-sm"
      role="status"
    />
    Loading...
  </button>
</div>
`;
